[1] DIFFICE_jax path at /Users/jasperchen/Academics/Software/diffice/DIFFICE_jax/diffice_jax/__init__.py
[2] Loading and normalizing data from: /Users/jasperchen/Academics/Software/diffice/DIFFICE_jax/tests/test_xpinn_regression/flatbed_data_xpinns_regression_test.mat
 . . . basal_mask (all regions): [True, False]
[0, 1]
None
[{'net_u': {'depth': 6, 'width': 30}, 'net_mu': {'depth': 6, 'width': 30}, 'net_c0': {'depth': 6, 'width': 30}, 'net_c1': {'depth': 6, 'width': 30}}, {'net_u': {'depth': 6, 'width': 30}, 'net_mu': {'depth': 6, 'width': 30}, 'net_c0': {'depth': 6, 'width': 30}, 'net_c1': {'depth': 6, 'width': 30}}]
2
KFAC step 1: objective=4.0153e-01 scalar_loss=9.7971e-01 damping=1.00e+00
KFAC step 100: objective=4.7477e-02 scalar_loss=4.7161e-02 damping=7.43e-01
KFAC step 200: objective=3.8091e-02 scalar_loss=3.7746e-02 damping=5.50e-01
KFAC step 300: objective=2.8632e-02 scalar_loss=2.8557e-02 damping=4.07e-01
KFAC step 400: objective=2.3053e-02 scalar_loss=2.2859e-02 damping=3.02e-01
KFAC step 500: objective=1.7290e-02 scalar_loss=1.7365e-02 damping=2.23e-01
KFAC checkpoint step 500: C_REL_MAE=0.753235 MU_REL_MAE=0.402633 path=/Users/jasperchen/Academics/Software/diffice/DIFFICE_jax/tests/figures/test_xpinn_joint_inversion_flatbed_profile_a1_sample512_checkpoints/KFAC_step_500.pkl
KFAC_INITIAL_OBJECTIVE=9.91706845e-01
KFAC_FINAL_OBJECTIVE=1.81136850e-02
KFAC_START_ITERATION=0
KFAC_FINAL_ITERATION=500
KFAC_SECONDS=133.378205
KFAC_SECONDS_PER_ITER=0.26675641
KFAC_MU_REL_MAE=0.40263338
KFAC_C_REL_MAE=0.75323526
KFAC_CHECKPOINT=/Users/jasperchen/Academics/Software/diffice/DIFFICE_jax/tests/figures/test_xpinn_joint_inversion_flatbed_profile_a1_sample512_checkpoints/KFAC_step_500.pkl
KFAC_OUTPUT=/Users/jasperchen/Academics/Software/diffice/DIFFICE_jax/tests/figures/test_xpinn_joint_inversion_flatbed_profile_a1_sample512.npz
KFAC_FIELD_COMPARISON=/Users/jasperchen/Academics/Software/diffice/DIFFICE_jax/tests/figures/test_xpinn_joint_inversion_flatbed_profile_a1_sample512_fields.png
KFAC_LOSS_CURVE=/Users/jasperchen/Academics/Software/diffice/DIFFICE_jax/tests/figures/test_xpinn_joint_inversion_flatbed_profile_a1_sample512_loss.png
real 147.06
user 576.10
sys 11.88
